This is LuaHBTeX, Version 1.24.0 (TeX Live 2026)  (format=lualatex 2026.5.13)  7 JUN 2026 09:40
 restricted system commands enabled.
**Jesu-Rex-chant-verses.tex
(./Jesu-Rex-chant-verses.tex
LaTeX2e <2025-11-01>
L3 programming layer <2026-03-20>
Lua module: luaotfload 2024-12-03 v3.29 Lua based OpenType font support
Lua module: lualibs 2023-07-13 v2.76 ConTeXt Lua standard libraries.
Lua module: lualibs-extended 2023-07-13 v2.76 ConTeXt Lua libraries -- extended collection.
luaotfload | conf : Root cache directory is "/home/veronica/.TinyTeX/texmf-var/luatex-cache/generic/names".
luaotfload | init : Loading fontloader "fontloader-2023-12-28.lua" from kpse-resolved path "/home/veronica/.TinyTeX/texmf-dist/tex/luatex/luaotfload/fontloader-2023-12-28.lua".
Lua-only attribute luaotfload@noligature = 1
luaotfload | init : Context OpenType loader version 3.134
Inserting `luaotfload.node_processor' in `pre_linebreak_filter'.
Inserting `luaotfload.node_processor' in `hpack_filter'.
Inserting `luaotfload.glyph_stream' in `glyph_stream_provider'.
Inserting `luaotfload.define_font' in `define_font'.
Lua-only attribute luaotfload_color_attribute = 2
luaotfload | conf : Root cache directory is "/home/veronica/.TinyTeX/texmf-var/luatex-cache/generic/names".
Inserting `luaotfload.harf.strip_prefix' in `find_opentype_file'.
Inserting `luaotfload.harf.strip_prefix' in `find_truetype_file'.
Removing  `luaotfload.glyph_stream' from `glyph_stream_provider'.
Inserting `luaotfload.harf.glyphstream' in `glyph_stream_provider'.
Inserting `luaotfload.harf.finalize_vlist' in `post_linebreak_filter'.
Inserting `luaotfload.harf.finalize_hlist' in `hpack_filter'.
Inserting `luaotfload.cleanup_files' in `wrapup_run'.
Inserting `luaotfload.harf.finalize_unicode' in `finish_pdffile'.
Inserting `luaotfload.glyphinfo' in `glyph_info'.
Lua-only attribute luaotfload.letterspace_done = 3
Inserting `luaotfload.aux.set_sscale_dimens' in `luaotfload.patch_font'.
Inserting `luaotfload.aux.set_font_index' in `luaotfload.patch_font'.
Inserting `luaotfload.aux.patch_cambria_domh' in `luaotfload.patch_font'.
Inserting `luaotfload.aux.fixup_fontdata' in `luaotfload.patch_font_unsafe'.
Inserting `luaotfload.aux.set_capheight' in `luaotfload.patch_font'.
Inserting `luaotfload.aux.set_xheight' in `luaotfload.patch_font'.
Inserting `luaotfload.rewrite_fontname' in `luaotfload.patch_font'.
Inserting `tracingstacklevels' in `input_level_string'. (/home/veronica/.TinyTeX/texmf-dist/tex/latex/base/article.cls
Document Class: article 2025/01/22 v1.4n Standard LaTeX document class
(/home/veronica/.TinyTeX/texmf-dist/tex/latex/base/size10.clo
File: size10.clo 2025/01/22 v1.4n Standard LaTeX file (size option)
luaotfload | db : Font names database loaded from /home/veronica/.TinyTeX/texmf-var/luatex-cache/generic/names/luaotfload-names.luc.gz)
\c@part=\count273
\c@section=\count274
\c@subsection=\count275
\c@subsubsection=\count276
\c@paragraph=\count277
\c@subparagraph=\count278
\c@figure=\count279
\c@table=\count280
\abovecaptionskip=\skip49
\belowcaptionskip=\skip50
\bibindent=\dimen149
) (/home/veronica/.TinyTeX/texmf-dist/tex/latex/fontspec/fontspec.sty (/home/veronica/.TinyTeX/texmf-dist/tex/latex/l3packages/xparse/xparse.sty (/home/veronica/.TinyTeX/texmf-dist/tex/latex/l3kernel/expl3.sty
Package: expl3 2026-03-20 L3 programming layer (loader) 
 (/home/veronica/.TinyTeX/texmf-dist/tex/latex/l3backend/l3backend-luatex.def
File: l3backend-luatex.def 2026-02-18 L3 backend support: PDF output (LuaTeX)
\l__color_backend_stack_int=\count281
Inserting `l3color' in `luaotfload.parse_color'.))
Package: xparse 2025-10-09 L3 Experimental document command parser
)
Package: fontspec 2025/09/29 v2.9g Font selection for XeLaTeX and LuaLaTeX
Lua module: fontspec 2025/09/29 v2.9g Font selection for XeLaTeX and LuaLaTeX (/home/veronica/.TinyTeX/texmf-dist/tex/latex/fontspec/fontspec-luatex.sty
Package: fontspec-luatex 2025/09/29 v2.9g Font selection for XeLaTeX and LuaLaTeX
\l__fontspec_script_int=\count282
\l__fontspec_language_int=\count283
\l__fontspec_strnum_int=\count284
\l__fontspec_tmp_int=\count285
\l__fontspec_tmpa_int=\count286
\l__fontspec_tmpb_int=\count287
\l__fontspec_tmpc_int=\count288
\l__fontspec_em_int=\count289
\l__fontspec_emdef_int=\count290
\l__fontspec_strong_int=\count291
\l__fontspec_strongdef_int=\count292
\l__fontspec_tmpa_dim=\dimen150
\l__fontspec_tmpb_dim=\dimen151
\l__fontspec_tmpc_dim=\dimen152
 (/home/veronica/.TinyTeX/texmf-dist/tex/latex/base/fontenc.sty
Package: fontenc 2025/07/18 v2.1d Standard LaTeX package
) (/home/veronica/.TinyTeX/texmf-dist/tex/latex/fontspec/fontspec.cfg))) (/home/veronica/.TinyTeX/texmf-local/tex/lualatex/gregoriotex/gregoriotex.sty
Package: gregoriotex 2026/04/19 v6.2.0 GregorioTeX system.
 (/home/veronica/.TinyTeX/texmf-dist/tex/generic/iftex/iftex.sty
Package: iftex 2024/12/12 v1.0g TeX engine tests
) (/home/veronica/.TinyTeX/texmf-dist/tex/latex/xcolor/xcolor.sty
Package: xcolor 2024/09/29 v3.02 LaTeX color extensions (UK)
 (/home/veronica/.TinyTeX/texmf-dist/tex/latex/graphics-cfg/color.cfg
File: color.cfg 2016/01/02 v1.6 sample color configuration
)
Package xcolor Info: Driver file: luatex.def on input line 274.
 (/home/veronica/.TinyTeX/texmf-dist/tex/latex/graphics-def/luatex.def
File: luatex.def 2025/09/29 v1.2f Graphics/color driver for luatex
) (/home/veronica/.TinyTeX/texmf-dist/tex/latex/graphics/mathcolor.ltx)
Package xcolor Info: Model `cmy' substituted by `cmy0' on input line 1349.
Package xcolor Info: Model `hsb' substituted by `rgb' on input line 1353.
Package xcolor Info: Model `RGB' extended on input line 1365.
Package xcolor Info: Model `HTML' substituted by `rgb' on input line 1367.
Package xcolor Info: Model `Hsb' substituted by `hsb' on input line 1368.
Package xcolor Info: Model `tHsb' substituted by `hsb' on input line 1369.
Package xcolor Info: Model `HSB' substituted by `hsb' on input line 1370.
Package xcolor Info: Model `Gray' substituted by `gray' on input line 1371.
Package xcolor Info: Model `wave' substituted by `hsb' on input line 1372.
) (/home/veronica/.TinyTeX/texmf-dist/tex/latex/luacolor/luacolor.sty
Package: luacolor 2023-08-18 v1.18 Color support via LuaTeX's attributes (HO)
Inserting `luacolor.process' in `pre_shipout_filter'.
\LuaCol@Attribute=\attribute4
) (/home/veronica/.TinyTeX/texmf-dist/tex/latex/kvoptions/kvoptions.sty
Package: kvoptions 2022-06-15 v3.15 Key value format for package options (HO)
 (/home/veronica/.TinyTeX/texmf-dist/tex/latex/graphics/keyval.sty
Package: keyval 2022/05/29 v1.15 key=value parser (DPC)
\KV@toks@=\toks17
) (/home/veronica/.TinyTeX/texmf-dist/tex/generic/ltxcmds/ltxcmds.sty
Package: ltxcmds 2023-12-04 v1.26 LaTeX kernel commands for general use (HO)
) (/home/veronica/.TinyTeX/texmf-dist/tex/latex/kvsetkeys/kvsetkeys.sty
Package: kvsetkeys 2022-10-05 v1.19 Key value parser (HO)
)) (/home/veronica/.TinyTeX/texmf-dist/tex/latex/graphics/graphicx.sty
Package: graphicx 2024/12/31 v1.2e Enhanced LaTeX Graphics (DPC,SPQR)
 (/home/veronica/.TinyTeX/texmf-dist/tex/latex/graphics/graphics.sty
Package: graphics 2024/08/06 v1.4g Standard LaTeX Graphics (DPC,SPQR)
 (/home/veronica/.TinyTeX/texmf-dist/tex/latex/graphics/trig.sty
Package: trig 2023/12/02 v1.11 sin cos tan (DPC)
) (/home/veronica/.TinyTeX/texmf-dist/tex/latex/graphics-cfg/graphics.cfg
File: graphics.cfg 2016/06/04 v1.11 sample graphics configuration
)
Package graphics Info: Driver file: luatex.def on input line 106.
)
\Gin@req@height=\dimen153
\Gin@req@width=\dimen154
) (/home/veronica/.TinyTeX/texmf-dist/tex/luatex/luatexbase/luatexbase.sty
Package: luatexbase 2015/10/04 v1.3 luatexbase interface to LuaTeX 
 (/home/veronica/.TinyTeX/texmf-dist/tex/luatex/ctablestack/ctablestack.sty
Package: ctablestack 2015/10/01 v1.0 Catcode table stable support
\@catcodetablestackcnt=\count293
)
\CatcodeTableOther=\catcodetable14
\CatcodeTableExpl=\catcodetable15
) (/home/veronica/.TinyTeX/texmf-dist/tex/luatex/luamplib/luamplib.sty
Package: luamplib 2026/05/05 v2.41.1 mplib package for LuaTeX
Lua module: luamplib 2026/05/05 v2.41.1 Lua package to typeset Metapost with LuaTeX's MPLib.
\luamplibcctabexplat=\catcodetable16
\mplibtmptoks=\toks18
\mplibscratchbox=\box53
) (/home/veronica/.TinyTeX/texmf-dist/tex/generic/xstring/xstring.sty (/home/veronica/.TinyTeX/texmf-dist/tex/generic/xstring/xstring.tex
\xs_counta=\count294
\xs_countb=\count295
)
Package: xstring 2023/08/22 v1.86 String manipulations (CT)
) (/home/veronica/.TinyTeX/texmf-local/tex/luatex/gregoriotex/gregoriotex-main.tex (/home/veronica/.TinyTeX/texmf-local/tex/luatex/gregoriotex/gregoriotex-common.tex
\gre@count@parsecommas@cur=\count296
)
\gre@attr@part=\attribute5
\gre@attr@dash=\attribute6
\gre@attr@center=\attribute7
\GreScoreId=\attribute8
\gre@attr@glyph@top=\attribute9
\gre@attr@glyph@bottom=\attribute10
\gre@attr@syllable@id=\attribute11
\gre@attr@alteration@id=\attribute12
\gre@attr@alteration@pitch=\attribute13
\gre@attr@alteration@type=\attribute14
\gre@atletter=\catcodetable17
Lua module: gregoriotex 2026/04/19 v6.2.0 GregorioTeX module.
Module gregoriotex Info: Reading Jesu-Rex-chant-verses.gaux on input line 101
Inserting `gregoriotex.write_greaux' in `finish_pdffile'.
\gre@gaux=\write3
\gre@factor=\count297
\gre@dimen@stafflineheight@saved=\dimen155
\gre@dimen@interstafflinespace@saved=\dimen156
\gre@dimen@staffheight@saved=\dimen157
 (/home/veronica/.TinyTeX/texmf-local/tex/luatex/gregoriotex/gregoriotex-spaces.tex
\gre@saved@prescore@hyphenpenalty=\count298
\gre@saved@prescore@exhyphenpenalty=\count299
\gre@saved@prescore@exhyphenchar=\count300
\gre@saved@prescore@doublehyphendemerits=\count301
\gre@saved@prescore@finalhyphendemerits=\count302
\gre@saved@prescore@brokenpenalty=\count303
\gre@saved@prescore@looseness=\count304
\gre@saved@prescore@tolerance=\count305
\gre@saved@prescore@pretolerance=\count306
\gre@saved@prescore@emergencystretch=\skip51
\gre@saved@prescore@widowpenalty=\count307
\gre@saved@prescore@clubpenalty=\count308
\gre@saved@prescore@parskip=\skip52
\gre@saved@prescore@lineskip=\skip53
\gre@saved@prescore@baselineskip=\skip54
\gre@saved@prescore@lineskiplimit=\skip55
\gre@dimen@linewidth=\dimen158
\gre@dimen@stafflineheight=\dimen159
\gre@dimen@interstafflinespace=\dimen160
\gre@dimen@stafflinediff=\dimen161
\gre@dimen@constantglyphraise=\dimen162
\gre@dimen@staffheight=\dimen163
\gre@skip@syllablefinalskip=\skip56
\gre@skip@minTextDistance=\skip57
\gre@skip@minNotesDistance=\skip58
\gre@dimen@curTextDistance=\dimen164
\gre@dimen@curNotesDistance=\dimen165
\gre@skip@minShiftText=\skip59
\gre@skip@minShiftNotes=\skip60
\gre@dimen@bolshift=\dimen166
\gre@dimen@bolextra=\dimen167
\gre@dimen@clefwidth@current=\dimen168
\gre@dimen@clefwidth@largest=\dimen169
\gre@dimen@clefwidth@bol=\dimen170
\gre@dimen@eolshift=\dimen171
\gre@dimen@glyphraisevalue=\dimen172
\gre@space@count@additionaltopspacethreshold=\count309
\gre@space@count@additionaltopspacealtthreshold=\count310
\gre@space@count@additionaltopspacenabcthreshold=\count311
\gre@space@count@noteadditionalspacelinestextthreshold=\count312
\gre@dimen@textaligncenter=\dimen173
\gre@dimen@enddifference=\dimen174
\gre@dimen@previousenddifference=\dimen175
\gre@skip@nextbegindifference=\skip61
\gre@dimen@annotationtrueraise=\dimen176
\gre@dimen@commentarytrueraise=\dimen177
\gre@skip@bar@requirement=\skip62
\gre@skip@bar@allocation=\skip63
\gre@dimen@bar@shift=\dimen178
\gre@skip@text@requirement=\skip64
\gre@skip@text@allocation=\skip65
\gre@dimen@text@shift=\dimen179
\gre@dimen@adjustedpreviousenddifference=\dimen180
\gre@skip@adjustednextbegindifference=\dimen181
\gre@skip@punctummorashift=\skip66
\gre@skip@alterationshift=\skip67
\gre@dimen@begindifference=\dimen182
\gre@dimen@lastglyphwidth=\dimen183
\gre@dimen@notesaligncenter=\dimen184
\gre@dimen@initialwidth=\dimen185
\gre@dimen@temp@one=\dimen186
\gre@dimen@temp@two=\dimen187
\gre@dimen@temp@three=\dimen188
\gre@dimen@temp@four=\dimen189
\gre@dimen@temp@five=\dimen190
\gre@skip@temp@one=\skip68
\gre@skip@temp@two=\skip69
\gre@skip@temp@three=\skip70
\gre@skip@temp@four=\skip71
\gre@count@temp@one=\count313
\gre@count@temp@two=\count314
\gre@count@temp@three=\count315
\gre@space@count@newlinepenalty=\count316
\gre@space@count@nobreakpenalty=\count317
\gre@space@count@endofwordpenalty=\count318
\gre@space@count@endofsyllablepenalty=\count319
\gre@space@count@endafterbarpenalty=\count320
\gre@space@count@endafterbaraltpenalty=\count321
\gre@space@count@finalpenalty=\count322
\gre@space@count@endofelementpenalty=\count323
\gre@space@count@hyphenpenalty=\count324
\gre@space@count@brokenpenalty=\count325
\gre@space@count@looseness=\count326
\gre@space@count@tolerance=\count327
\gre@space@count@pretolerance=\count328
\gre@space@count@widowpenalty=\count329
\gre@space@count@clubpenalty=\count330
\greconffactor=\count331
)
\gre@box@temp@width=\box54
\gre@box@initial=\box55
\gre@count@initialposition=\count332
\gre@count@initialanchor=\count333
\gre@box@annotation=\box56
\gre@box@add=\box57
\gre@box@old=\box58
\gre@count@annotationvalign=\count334
\gre@box@commentary=\box59
\gre@abovelinestext@phantomwrapper=\count335
\gre@lines@phantomwrapper=\count336
\gre@box@lines=\box60
Module gregoriotex Info: Registering variant font greciliae as gre@font@variant@A. on input line 964
Module gregoriotex Info: Registering variant font greciliae-hollow as gre@font@variant@B. on input line 964
Module gregoriotex Info: Registering variant font greciliae-hole as gre@font@variant@C. on input line 964
luaotfload | cache : Lookup cache loaded from /home/veronica/.TinyTeX/texmf-var/luatex-cache/generic/names/luaotfload-lookup-cache.luc.
Module gregoriotex Info: Mapping font greciliae on input line 969
Module gregoriotex Info: Mapping font greciliae-hollow on input line 969
Module gregoriotex Info: Mapping font greciliae-hole on input line 969
 (/home/veronica/.TinyTeX/texmf-local/tex/luatex/gregoriotex/gregoriotex-chars.tex
\gre@box@hep=\box61
) (/home/veronica/.TinyTeX/texmf-local/tex/luatex/gregoriotex/gregoriotex-signs.tex
\gre@clef@phantomwrapper=\count337
\gre@box@temp@clef=\box62
\gre@box@temp@cleftwo=\box63
\greslurheight=\dimen191
\gre@box@temp@sign=\box64
\gre@count@shiftaftermora=\count338
\gre@dimen@morawidth=\dimen192
\gre@skip@bar@lastskip=\skip72
\gre@count@lastglyphiscavum=\count339
) (/home/veronica/.TinyTeX/texmf-local/tex/luatex/gregoriotex/gregoriotex-syllable.tex
\gre@generate@pointandclick=\count340
\gre@box@syllablenotes=\box65
\gre@lyrics@phantomwrapper=\count341
\gre@notes@phantomwrapper=\count342
\gre@dimen@nabc@maxwidth=\dimen193
\gre@dimen@nabc@extrakern=\dimen194
\gre@box@syllabletext=\box66
\gre@clivisalignment=\count343
\gre@count@unbreakabletotalnotes=\count344
\gre@count@unbreakableinitialnotes=\count345
\gre@count@unbreakablefinalnotes=\count346
\gre@count@syllablenotes=\count347
\gre@count@initiallines=\count348
)
\gre@translation@phantomwrapper=\count349
\gre@count@lastline=\count350
\gre@variableheightexpansion=\count351
\gre@count@stafflines=\count352
\gre@lastoflinecount=\count353
\gre@saved@prenlba@nobreakpenalty=\count354
\gre@saved@prenlba@endofwordpenalty=\count355
\gre@saved@prenlba@endofsyllablepenalty=\count356
\gre@saved@prenlba@endafterbarpenalty=\count357
\gre@saved@prenlba@endafterbaraltpenalty=\count358
\gre@saved@prenlba@endofelementpenalty=\count359
\gre@saved@prenlba@hyphenpenalty=\count360
\gre@lasteuouaeindex=\count361
 (/home/veronica/.TinyTeX/texmf-local/tex/luatex/gregoriotex/gregoriotex-symbols.tex
Module gregoriotex Info: Registering variant font greextra as gre@font@variant@D. on input line 53
)
\gre@dimen@stafflinethicknessbase=\dimen195
\gre@dimen@glyphraisebase=\dimen196
\gre@dimen@interstafflinedistancebase=\dimen197
\gre@dimen@inclinatumonlinemoravshiftbase=\dimen198
\gre@dimen@inclinatumonlinemorahshiftbase=\dimen199
\gre@dimen@inclinatumofflinemorahshiftbase=\dimen256
 (/home/veronica/.TinyTeX/texmf-local/tex/luatex/gregoriotex/gregoriotex-gsp-default.tex) (/home/veronica/.TinyTeX/texmf-local/tex/luatex/gregoriotex/gregoriotex-nabc.tex
\gre@dimen@nabcleftoverflow=\dimen257
\gre@dimen@nabckernemitted=\dimen258
\gre@box@nabctemp=\box67
\gre@box@nabc@voice@i=\box68
\gre@box@nabc@voice@ii=\box69
\gre@nabcvoice@i@phantomwrapper=\count362
\gre@nabcvoice@ii@phantomwrapper=\count363
)))

Package fontspec Info: 
(fontspec)             Could not resolve font "Calluna Black/I" (it probably
(fontspec)             doesn't exist).


Package fontspec Info: 
(fontspec)             Could not resolve font "Calluna/BI" (it probably
(fontspec)             doesn't exist).


Package fontspec Info: 
(fontspec)             Font family 'Calluna(0)' created for font 'Calluna'
(fontspec)             with options [Ligatures=TeX,BoldFont = Calluna Black].
(fontspec)              
(fontspec)              This font family consists of the following NFSS
(fontspec)             series/shapes:
(fontspec)              
(fontspec)             - 'normal' (m/n) with NFSS spec.:
(fontspec)             <->"name:Calluna:mode=node;script=latn;language=dflt;+tlig;"
(fontspec)             - 'small caps'  (m/sc) with NFSS spec.:
(fontspec)             <->"name:Calluna:mode=node;script=latn;language=dflt;+tlig;+smcp;"
(fontspec)             - 'bold' (b/n) with NFSS spec.: <->"name:Calluna
(fontspec)             Black:mode=node;script=latn;language=dflt;+tlig;"
(fontspec)             - 'bold small caps'  (b/sc) with NFSS spec.:
(fontspec)             <->"name:Calluna
(fontspec)             Black:mode=node;script=latn;language=dflt;+tlig;+smcp;"
(fontspec)             - 'italic' (m/it) with NFSS spec.:
(fontspec)             <->"name:Calluna/I:mode=node;script=latn;language=dflt;+tlig;"
(fontspec)             - 'italic small caps'  (m/scit) with NFSS spec.:
(fontspec)             <->"name:Calluna/I:mode=node;script=latn;language=dflt;+tlig;+smcp;"

 (/home/veronica/.TinyTeX/texmf-dist/tex/latex/geometry/geometry.sty
Package: geometry 2026/03/07 v6.0 Page Geometry
 (/home/veronica/.TinyTeX/texmf-dist/tex/generic/iftex/ifvtex.sty
Package: ifvtex 2019/10/25 v1.7 ifvtex legacy package. Use iftex instead.
)
\Gm@cnth=\count364
\Gm@cntv=\count365
\c@Gm@tempcnt=\count366
\Gm@bindingoffset=\dimen259
\Gm@wd@mp=\dimen260
\Gm@odd@mp=\dimen261
\Gm@even@mp=\dimen262
\Gm@layoutwidth=\dimen263
\Gm@layoutheight=\dimen264
\Gm@layouthoffset=\dimen265
\Gm@layoutvoffset=\dimen266
\Gm@dimlist=\toks19
) (/home/veronica/.TinyTeX/texmf-dist/tex/latex/pdfpages/pdfpages.sty
Package: pdfpages 2026/03/30 v0.6h Insert pages of external PDF documents (AM)
 (/home/veronica/.TinyTeX/texmf-dist/tex/latex/base/ifthen.sty
Package: ifthen 2024/03/16 v1.1e Standard LaTeX ifthen package (DPC)
) (/home/veronica/.TinyTeX/texmf-dist/tex/latex/tools/calc.sty
Package: calc 2025/03/01 v4.3b Infix arithmetic (KKT,FJ)
\calc@Acount=\count367
\calc@Bcount=\count368
\calc@Adimen=\dimen267
\calc@Bdimen=\dimen268
\calc@Askip=\skip73
\calc@Bskip=\skip74
LaTeX Info: Redefining \setlength on input line 86.
LaTeX Info: Redefining \addtolength on input line 87.
\calc@Ccount=\count369
\calc@Cskip=\skip75
) (/home/veronica/.TinyTeX/texmf-dist/tex/latex/eso-pic/eso-pic.sty
Package: eso-pic 2025/12/10 v3.0d eso-pic (RN)
\ESO@tempdima=\dimen269
\ESO@tempdimb=\dimen270
) (/home/veronica/.TinyTeX/texmf-dist/tex/latex/etoolbox/etoolbox.sty
Package: etoolbox 2025/10/02 v2.5m e-TeX tools for LaTeX (JAW)
\etb@tempcnta=\count370
)
\AM@pagewidth=\dimen271
\AM@pageheight=\dimen272
\AM@fboxrule=\dimen273
 (/home/veronica/.TinyTeX/texmf-dist/tex/latex/pdfpages/ppluatex.def
File: ppluatex.def 2026/03/30 v0.6h Pdfpages driver for LuaTeX (AM)
)
\pdfpages@includegraphics@status=\count371
\AM@pagebox=\box70
\AM@global@opts=\toks20
\AM@pagecnt=\count372
\AM@toc@title=\toks21
\AM@lof@heading=\toks22
\c@AM@survey=\count373
\AM@templatesizebox=\box71
) (./Jesu-Rex-chant-verses.aux)
\openout1 = Jesu-Rex-chant-verses.aux

LaTeX Font Info:    Checking defaults for OML/cmm/m/it on input line 10.
LaTeX Font Info:    ... okay on input line 10.
LaTeX Font Info:    Checking defaults for OMS/cmsy/m/n on input line 10.
LaTeX Font Info:    ... okay on input line 10.
LaTeX Font Info:    Checking defaults for OT1/cmr/m/n on input line 10.
LaTeX Font Info:    ... okay on input line 10.
LaTeX Font Info:    Checking defaults for T1/cmr/m/n on input line 10.
LaTeX Font Info:    ... okay on input line 10.
LaTeX Font Info:    Checking defaults for TS1/cmr/m/n on input line 10.
LaTeX Font Info:    ... okay on input line 10.
LaTeX Font Info:    Checking defaults for TU/lmr/m/n on input line 10.
LaTeX Font Info:    ... okay on input line 10.
LaTeX Font Info:    Checking defaults for OMX/cmex/m/n on input line 10.
LaTeX Font Info:    ... okay on input line 10.
LaTeX Font Info:    Checking defaults for U/cmr/m/n on input line 10.
LaTeX Font Info:    ... okay on input line 10.

Package fontspec Info: 
(fontspec)             Adjusting the maths setup (use [no-math] to avoid
(fontspec)             this).

\symlegacymaths=\mathgroup4
LaTeX Font Info:    Overwriting symbol font `legacymaths' in version `bold'
(Font)                  OT1/cmr/m/n --> OT1/cmr/bx/n on input line 10.
LaTeX Font Info:    Redeclaring math accent \acute on input line 10.
LaTeX Font Info:    Redeclaring math accent \grave on input line 10.
LaTeX Font Info:    Redeclaring math accent \ddot on input line 10.
LaTeX Font Info:    Redeclaring math accent \tilde on input line 10.
LaTeX Font Info:    Redeclaring math accent \bar on input line 10.
LaTeX Font Info:    Redeclaring math accent \breve on input line 10.
LaTeX Font Info:    Redeclaring math accent \check on input line 10.
LaTeX Font Info:    Redeclaring math accent \hat on input line 10.
LaTeX Font Info:    Redeclaring math accent \dot on input line 10.
LaTeX Font Info:    Redeclaring math accent \mathring on input line 10.
LaTeX Font Info:    Redeclaring math symbol \colon on input line 10.
LaTeX Font Info:    Redeclaring math symbol \Gamma on input line 10.
LaTeX Font Info:    Redeclaring math symbol \Delta on input line 10.
LaTeX Font Info:    Redeclaring math symbol \Theta on input line 10.
LaTeX Font Info:    Redeclaring math symbol \Lambda on input line 10.
LaTeX Font Info:    Redeclaring math symbol \Xi on input line 10.
LaTeX Font Info:    Redeclaring math symbol \Pi on input line 10.
LaTeX Font Info:    Redeclaring math symbol \Sigma on input line 10.
LaTeX Font Info:    Redeclaring math symbol \Upsilon on input line 10.
LaTeX Font Info:    Redeclaring math symbol \Phi on input line 10.
LaTeX Font Info:    Redeclaring math symbol \Psi on input line 10.
LaTeX Font Info:    Redeclaring math symbol \Omega on input line 10.
LaTeX Font Info:    Redeclaring math symbol \mathdollar on input line 10.
LaTeX Font Info:    Redeclaring symbol font `operators' on input line 10.
LaTeX Font Info:    Encoding `OT1' has changed to `TU' for symbol font
(Font)              `operators' in the math version `normal' on input line 10.
LaTeX Font Info:    Overwriting symbol font `operators' in version `normal'
(Font)                  OT1/cmr/m/n --> TU/Calluna(0)/m/n on input line 10.
LaTeX Font Info:    Encoding `OT1' has changed to `TU' for symbol font
(Font)              `operators' in the math version `bold' on input line 10.
LaTeX Font Info:    Overwriting symbol font `operators' in version `bold'
(Font)                  OT1/cmr/bx/n --> TU/Calluna(0)/m/n on input line 10.
LaTeX Font Info:    Overwriting symbol font `operators' in version `normal'
(Font)                  TU/Calluna(0)/m/n --> TU/Calluna(0)/m/n on input line 10.
LaTeX Font Info:    Overwriting math alphabet `\mathit' in version `normal'
(Font)                  OT1/cmr/m/it --> TU/Calluna(0)/m/it on input line 10.
LaTeX Font Info:    Overwriting math alphabet `\mathbf' in version `normal'
(Font)                  OT1/cmr/bx/n --> TU/Calluna(0)/b/n on input line 10.
LaTeX Font Info:    Overwriting math alphabet `\mathsf' in version `normal'
(Font)                  OT1/cmss/m/n --> TU/lmss/m/n on input line 10.
LaTeX Font Info:    Overwriting math alphabet `\mathtt' in version `normal'
(Font)                  OT1/cmtt/m/n --> TU/lmtt/m/n on input line 10.
LaTeX Font Info:    Overwriting symbol font `operators' in version `bold'
(Font)                  TU/Calluna(0)/m/n --> TU/Calluna(0)/b/n on input line 10.
LaTeX Font Info:    Overwriting math alphabet `\mathit' in version `bold'
(Font)                  OT1/cmr/bx/it --> TU/Calluna(0)/b/it on input line 10.
LaTeX Font Info:    Overwriting math alphabet `\mathsf' in version `bold'
(Font)                  OT1/cmss/bx/n --> TU/lmss/b/n on input line 10.
LaTeX Font Info:    Overwriting math alphabet `\mathtt' in version `bold'
(Font)                  OT1/cmtt/m/n --> TU/lmtt/b/n on input line 10.
 (/home/veronica/.TinyTeX/texmf-dist/tex/latex/epstopdf-pkg/epstopdf-base.sty
Package: epstopdf-base 2020-01-24 v2.11 Base part for package epstopdf
Package epstopdf-base Info: Redefining graphics rule for `.eps' on input line 485.
 (/home/veronica/.TinyTeX/texmf-dist/tex/latex/latexconfig/epstopdf-sys.cfg
File: epstopdf-sys.cfg 2010/07/13 v1.3 Configuration of (r)epstopdf for TeX Live
))
*geometry* driver: auto-detecting
*geometry* detected driver: luatex
*geometry* verbose mode - [ preamble ] result:
* driver: luatex
* paper: a4paper
* layout: <same size as paper>
* layoutoffset:(h,v)=(0.0pt,0.0pt)
* modes: 
* h-part:(L,W,R)=(85.35826pt, 426.79134pt, 85.35828pt)
* v-part:(T,H,B)=(101.40665pt, 591.5302pt, 152.11pt)
* \paperwidth=597.50787pt
* \paperheight=845.04684pt
* \textwidth=426.79134pt
* \textheight=591.5302pt
* \oddsidemargin=13.08827pt
* \evensidemargin=13.08827pt
* \topmargin=-7.86334pt
* \headheight=12.0pt
* \headsep=25.0pt
* \topskip=10.0pt
* \footskip=30.0pt
* \marginparwidth=57.0pt
* \marginparsep=11.0pt
* \columnsep=10.0pt
* \skip\footins=9.0pt plus 4.0pt minus 2.0pt
* \hoffset=0.0pt
* \voffset=0.0pt
* \mag=1000
* \@twocolumnfalse
* \@twosidefalse
* \@mparswitchfalse
* \@reversemarginfalse
* (1in=72.27pt=25.4mm, 1cm=28.453pt)

(/home/veronica/.TinyTeX/texmf-dist/tex/latex/pdflscape/pdflscape.sty
Package: pdflscape 2025-06-23 v0.14 Display of landscape pages in PDF
 (/home/veronica/.TinyTeX/texmf-dist/tex/latex/pdflscape/pdflscape-nometadata.sty
Package: pdflscape-nometadata 2025-06-23 v0.14 Display of landscape pages in PDF (HO)
 (/home/veronica/.TinyTeX/texmf-dist/tex/latex/graphics/lscape.sty
Package: lscape 2020/05/28 v3.02 Landscape Pages (DPC)
)
Package pdflscape Info: Auto-detected driver: pdftex on input line 81.
))
<Jesu-Rex-Joan.pdf, id=1, 597.5123pt x 845.04709pt>
File: Jesu-Rex-Joan.pdf Graphic file (type pdf)
<use Jesu-Rex-Joan.pdf>
Package luatex.def Info: Jesu-Rex-Joan.pdf  used on input line 12.
(luatex.def)             Requested size: 597.51083pt x 845.04503pt.
<Jesu-Rex-Joan.pdf, id=3, page=1, 597.5123pt x 845.04709pt>
File: Jesu-Rex-Joan.pdf Graphic file (type pdf)
<use Jesu-Rex-Joan.pdf, page 1>
Package luatex.def Info: Jesu-Rex-Joan.pdf , page1 used on input line 12.
(luatex.def)             Requested size: 697.29959pt x 986.17383pt.
File: Jesu-Rex-Joan.pdf Graphic file (type pdf)
<use Jesu-Rex-Joan.pdf, page 1>
Package luatex.def Info: Jesu-Rex-Joan.pdf , page1 used on input line 12.
(luatex.def)             Requested size: 697.29959pt x 986.17383pt.
File: Jesu-Rex-Joan.pdf Graphic file (type pdf)
<use Jesu-Rex-Joan.pdf, page 1>
Package luatex.def Info: Jesu-Rex-Joan.pdf , page1 used on input line 12.
(luatex.def)             Requested size: 697.29959pt x 986.17383pt.
 [1


<./Jesu-Rex-Joan.pdf>]
Module gregoriotex Info: greciliae-hollow : gre@font@variant@B : rescaling greciliae-hollow to 2500000.0 on input line 16
Module gregoriotex Info: greciliae-hole : gre@font@variant@C : rescaling greciliae-hole to 2500000.0 on input line 16
Module gregoriotex Info: greciliae : gre@font@variant@A : rescaling greciliae to 2500000.0 on input line 16
Module gregoriotex Info: Looking in  on input line 21
Module gregoriotex Info: Found gabc/Jesu-Rex-verses.gabc directly on input line 21
Module gregoriotex Info: Output directory: tmp-gre/gabc/ on input line 21
Module gregoriotex Info: The file tmp-gre/gabc/Jesu-Rex-verses-6_2_0.gtex does not exist. Compiling gabc file on input line 21
Module gregoriotex Info: compiling the score gabc/Jesu-Rex-verses.gabc... on input line 21
Module gregoriotex Info: will use gregorio on input line 21
Module gregoriotex Info: running: gregorio -W -o tmp-gre/gabc/Jesu-Rex-verses-6_2_0.gtex -l tmp-gre/gabc/Jesu-Rex-verses-6_2_0.glog gabc/Jesu-Rex-verses.gabc on input line 21

Module gregoriotex Warning: warning:no name specified, put `name:...;' at the beginning of the file, can be dangerous with some output formats on input line 21
(./tmp-gre/gabc/Jesu-Rex-verses-6_2_0.gtex
Removing  `luaotfload.harf.finalize_vlist' from `post_linebreak_filter'.
Inserting `gregoriotex.post_linebreak' in `post_linebreak_filter'.
Inserting `luaotfload.harf.finalize_vlist' in `post_linebreak_filter'.
Inserting `gregoriotex.disable_hyphenation' in `hyphenate'.
Underfull \hbox (badness 1052) in paragraph at lines 6--561
[][][][][][][] [][][][][][] [][][] [][][] [][][] [][][] [] [] [] []  [][][][][][] [][][][][][] [][][][][][] [][][] [][][][] [] [][] []
 []


Underfull \hbox (badness 2005) in paragraph at lines 6--561
[][][][][][][] [][][] [][][] [][][][][][] [][][] [][][] [] []  [][][] [][][] [][][][][][] [][][][][][] [][][] [][][] [] [] []
 []

Removing  `gregoriotex.post_linebreak' from `post_linebreak_filter'.
Removing  `gregoriotex.disable_hyphenation' from `hyphenate'.) [2{/home/veronica/.TinyTeX/texmf-var/fonts/map/pdftex/updmap/pdftex.map}] (./Jesu-Rex-chant-verses.aux)
 ***********
LaTeX2e <2025-11-01>
L3 programming layer <2026-03-20>
 ***********
)

Here is how much of LuaTeX's memory you used:
 24172 strings out of 475900
 100000,953878 words of node,token memory allocated
 591 words of node memory still in use:
   4 hlist, 1 vlist, 1 rule, 2 glue, 3 kern, 3 glyph, 18 attribute, 74 glue_spec, 6 attribute_list, 1 write nodes
   avail lists: 1:1,2:7374,3:1354,4:2,5:1914,6:150,7:1796,9:2390,10:1
 46623 multiletter control sequences out of 65536+600000
 35 fonts using 7673799 bytes
 73i,17n,92p,650b,1693s stack positions out of 10000i,1000n,20000p,200000b,200000s
Module gregoriotex Info: Writing Jesu-Rex-chant-verses.gaux on input line 0
Module gregoriotex Warning: Variable brace lengths or soft flats/sharps may have changed. Rerun to fix. on input line 0
</home/veronica/.local/share/fonts/exljbris - Calluna-Regular.otf></home/veronica/.TinyTeX/texmf-local/fonts/truetype/public/gregoriotex/greciliae.ttf>
Output written on Jesu-Rex-chant-verses.pdf (2 pages, 86202 bytes).

PDF statistics: 47 PDF objects out of 1000 (max. 8388607)
 28 compressed objects within 1 object stream
 0 named destinations out of 1000 (max. 1048576)
 1 words of extra memory for PDF output out of 10000 (max. 100000000)

